Traceback (most recent call last):
  File "C:\Users\lakj\AppData\Local\anaconda3\envs\MEKUNI\lib\site-packages\jupyter_cache\executors\utils.py", line 58, in single_nb_execution
    executenb(
  File "C:\Users\lakj\AppData\Local\anaconda3\envs\MEKUNI\lib\site-packages\nbclient\client.py", line 1305, in execute
    return NotebookClient(nb=nb, resources=resources, km=km, **kwargs).execute()
  File "C:\Users\lakj\AppData\Local\anaconda3\envs\MEKUNI\lib\site-packages\jupyter_core\utils\__init__.py", line 165, in wrapped
    return loop.run_until_complete(inner)
  File "C:\Users\lakj\AppData\Local\anaconda3\envs\MEKUNI\lib\asyncio\base_events.py", line 647, in run_until_complete
    return future.result()
  File "C:\Users\lakj\AppData\Local\anaconda3\envs\MEKUNI\lib\site-packages\nbclient\client.py", line 705, in async_execute
    await self.async_execute_cell(
  File "C:\Users\lakj\AppData\Local\anaconda3\envs\MEKUNI\lib\site-packages\nbclient\client.py", line 1058, in async_execute_cell
    await self._check_raise_for_error(cell, cell_index, exec_reply)
  File "C:\Users\lakj\AppData\Local\anaconda3\envs\MEKUNI\lib\site-packages\nbclient\client.py", line 914, in _check_raise_for_error
    raise CellExecutionError.from_cell_and_msg(cell, exec_reply_content)
nbclient.exceptions.CellExecutionError: An error occurred while executing the following cell:
------------------
def regex_tokenize(text):
    # Simple tokenization, can be extended if needed
    return re.findall(r'\b\S+\b', str(text).lower())

def make_bigrams(tokens):
    return [(tokens[i], tokens[i+1]) for i in range(len(tokens)-1)]

# Create bigrams for all rows
bigrams_list = []
for idx, row in tfs.iterrows():
    tokens = regex_tokenize(row['content'])
    bigrams = make_bigrams(tokens)
    for bg in bigrams:
        bigrams_list.append({'refnr': row.get('refnr', idx),
                             'række': row.get('række', None),
                             'bind': row.get('bind', None),
                             'side': row.get('side', None),
                             'word1': bg[0],
                             'word2': bg[1]})

tfs_bigrams = pd.DataFrame(bigrams_list)
print(f'Number of bigrams: {len(tfs_bigrams)}')
display(tfs_bigrams.head())
------------------


[1;31m---------------------------------------------------------------------------[0m
[1;31mAttributeError[0m                            Traceback (most recent call last)
Cell [1;32mIn[3], line 10[0m
[0;32m      8[0m [38;5;66;03m# Create bigrams for all rows[39;00m
[0;32m      9[0m bigrams_list [38;5;241m=[39m []
[1;32m---> 10[0m [38;5;28;01mfor[39;00m idx, row [38;5;129;01min[39;00m [43mtfs[49m[38;5;241;43m.[39;49m[43miterrows[49m():
[0;32m     11[0m     tokens [38;5;241m=[39m regex_tokenize(row[[38;5;124m'[39m[38;5;124mcontent[39m[38;5;124m'[39m])
[0;32m     12[0m     bigrams [38;5;241m=[39m make_bigrams(tokens)

[1;31mAttributeError[0m: 'NoneType' object has no attribute 'iterrows'

