Traceback (most recent call last):
  File "C:\Users\lakj\AppData\Local\anaconda3\envs\MEKUNI\lib\site-packages\jupyter_cache\executors\utils.py", line 58, in single_nb_execution
    executenb(
  File "C:\Users\lakj\AppData\Local\anaconda3\envs\MEKUNI\lib\site-packages\nbclient\client.py", line 1305, in execute
    return NotebookClient(nb=nb, resources=resources, km=km, **kwargs).execute()
  File "C:\Users\lakj\AppData\Local\anaconda3\envs\MEKUNI\lib\site-packages\jupyter_core\utils\__init__.py", line 165, in wrapped
    return loop.run_until_complete(inner)
  File "C:\Users\lakj\AppData\Local\anaconda3\envs\MEKUNI\lib\asyncio\base_events.py", line 647, in run_until_complete
    return future.result()
  File "C:\Users\lakj\AppData\Local\anaconda3\envs\MEKUNI\lib\site-packages\nbclient\client.py", line 705, in async_execute
    await self.async_execute_cell(
  File "C:\Users\lakj\AppData\Local\anaconda3\envs\MEKUNI\lib\site-packages\nbclient\client.py", line 1058, in async_execute_cell
    await self._check_raise_for_error(cell, cell_index, exec_reply)
  File "C:\Users\lakj\AppData\Local\anaconda3\envs\MEKUNI\lib\site-packages\nbclient\client.py", line 914, in _check_raise_for_error
    raise CellExecutionError.from_cell_and_msg(cell, exec_reply_content)
nbclient.exceptions.CellExecutionError: An error occurred while executing the following cell:
------------------
# Load the cleaned dataset
subset_df = pd.read_csv(r'https://github.com/kb-dk/cultural-heritage-data-guides-Python/blob/master/mekuni_flora_danica_data/flora_danica_tidy_format.csv')
------------------


[1;31m---------------------------------------------------------------------------[0m
[1;31mParserError[0m                               Traceback (most recent call last)
Cell [1;32mIn[2], line 2[0m
[0;32m      1[0m [38;5;66;03m# Load the cleaned dataset[39;00m
[1;32m----> 2[0m subset_df [38;5;241m=[39m [43mpd[49m[38;5;241;43m.[39;49m[43mread_csv[49m[43m([49m[38;5;124;43mr[39;49m[38;5;124;43m'[39;49m[38;5;124;43mhttps://github.com/kb-dk/cultural-heritage-data-guides-Python/blob/master/mekuni_flora_danica_data/flora_danica_tidy_format.csv[39;49m[38;5;124;43m'[39;49m[43m)[49m

File [1;32m~\AppData\Local\anaconda3\envs\MEKUNI\lib\site-packages\pandas\io\parsers\readers.py:1026[0m, in [0;36mread_csv[1;34m(filepath_or_buffer, sep, delimiter, header, names, index_col, usecols, dtype, engine, converters, true_values, false_values, skipinitialspace, skiprows, skipfooter, nrows, na_values, keep_default_na, na_filter, verbose, skip_blank_lines, parse_dates, infer_datetime_format, keep_date_col, date_parser, date_format, dayfirst, cache_dates, iterator, chunksize, compression, thousands, decimal, lineterminator, quotechar, quoting, doublequote, escapechar, comment, encoding, encoding_errors, dialect, on_bad_lines, delim_whitespace, low_memory, memory_map, float_precision, storage_options, dtype_backend)[0m
[0;32m   1013[0m kwds_defaults [38;5;241m=[39m _refine_defaults_read(
[0;32m   1014[0m     dialect,
[0;32m   1015[0m     delimiter,
[1;32m   (...)[0m
[0;32m   1022[0m     dtype_backend[38;5;241m=[39mdtype_backend,
[0;32m   1023[0m )
[0;32m   1024[0m kwds[38;5;241m.[39mupdate(kwds_defaults)
[1;32m-> 1026[0m [38;5;28;01mreturn[39;00m [43m_read[49m[43m([49m[43mfilepath_or_buffer[49m[43m,[49m[43m [49m[43mkwds[49m[43m)[49m

File [1;32m~\AppData\Local\anaconda3\envs\MEKUNI\lib\site-packages\pandas\io\parsers\readers.py:626[0m, in [0;36m_read[1;34m(filepath_or_buffer, kwds)[0m
[0;32m    623[0m     [38;5;28;01mreturn[39;00m parser
[0;32m    625[0m [38;5;28;01mwith[39;00m parser:
[1;32m--> 626[0m     [38;5;28;01mreturn[39;00m [43mparser[49m[38;5;241;43m.[39;49m[43mread[49m[43m([49m[43mnrows[49m[43m)[49m

File [1;32m~\AppData\Local\anaconda3\envs\MEKUNI\lib\site-packages\pandas\io\parsers\readers.py:1923[0m, in [0;36mTextFileReader.read[1;34m(self, nrows)[0m
[0;32m   1916[0m nrows [38;5;241m=[39m validate_integer([38;5;124m"[39m[38;5;124mnrows[39m[38;5;124m"[39m, nrows)
[0;32m   1917[0m [38;5;28;01mtry[39;00m:
[0;32m   1918[0m     [38;5;66;03m# error: "ParserBase" has no attribute "read"[39;00m
[0;32m   1919[0m     (
[0;32m   1920[0m         index,
[0;32m   1921[0m         columns,
[0;32m   1922[0m         col_dict,
[1;32m-> 1923[0m     ) [38;5;241m=[39m [38;5;28;43mself[39;49m[38;5;241;43m.[39;49m[43m_engine[49m[38;5;241;43m.[39;49m[43mread[49m[43m([49m[43m  [49m[38;5;66;43;03m# type: ignore[attr-defined][39;49;00m
[0;32m   1924[0m [43m        [49m[43mnrows[49m
[0;32m   1925[0m [43m    [49m[43m)[49m
[0;32m   1926[0m [38;5;28;01mexcept[39;00m [38;5;167;01mException[39;00m:
[0;32m   1927[0m     [38;5;28mself[39m[38;5;241m.[39mclose()

File [1;32m~\AppData\Local\anaconda3\envs\MEKUNI\lib\site-packages\pandas\io\parsers\c_parser_wrapper.py:234[0m, in [0;36mCParserWrapper.read[1;34m(self, nrows)[0m
[0;32m    232[0m [38;5;28;01mtry[39;00m:
[0;32m    233[0m     [38;5;28;01mif[39;00m [38;5;28mself[39m[38;5;241m.[39mlow_memory:
[1;32m--> 234[0m         chunks [38;5;241m=[39m [38;5;28;43mself[39;49m[38;5;241;43m.[39;49m[43m_reader[49m[38;5;241;43m.[39;49m[43mread_low_memory[49m[43m([49m[43mnrows[49m[43m)[49m
[0;32m    235[0m         [38;5;66;03m# destructive to chunks[39;00m
[0;32m    236[0m         data [38;5;241m=[39m _concatenate_chunks(chunks)

File [1;32mparsers.pyx:838[0m, in [0;36mpandas._libs.parsers.TextReader.read_low_memory[1;34m()[0m

File [1;32mparsers.pyx:905[0m, in [0;36mpandas._libs.parsers.TextReader._read_rows[1;34m()[0m

File [1;32mparsers.pyx:874[0m, in [0;36mpandas._libs.parsers.TextReader._tokenize_rows[1;34m()[0m

File [1;32mparsers.pyx:891[0m, in [0;36mpandas._libs.parsers.TextReader._check_tokenize_status[1;34m()[0m

File [1;32mparsers.pyx:2061[0m, in [0;36mpandas._libs.parsers.raise_parser_error[1;34m()[0m

[1;31mParserError[0m: Error tokenizing data. C error: Expected 1 fields in line 38, saw 2


